фаза: север — юг
  С-Ю: зелёный
  пешеход: нажата кнопка
  С-Ю: жёлтый
  С-Ю: красный
фаза: пешеходы
  пешеход: идите
  пешеход: стойте
фаза: запад — восток
  З-В: зелёный
  З-В: жёлтый
  З-В: красный
фаза: север — юг
  С-Ю: зелёный
выключение
  С-Ю: жёлтый
  С-Ю: красный
Итоговое состояние: ns=Red, ew=Red, walk=Wait, ctl=Off
