отправитель: (0, 10) попытка 1
получатель: доставлено 10
отправитель: подтверждено 10
отправитель: очередь пуста
отправитель: (1, 20) попытка 1
    канал данных: пакет (1, 20) потерян
отправитель: (1, 20) попытка 2
получатель: доставлено 20
отправитель: подтверждено 20
отправитель: очередь пуста
отправитель: (0, 30) попытка 1
получатель: доставлено 30
    канал подтверждений: пакет (0, 0) потерян
отправитель: (0, 30) попытка 2
получатель: дубликат 30 — подтверждаю ещё раз
отправитель: подтверждено 30
отправитель: очередь пуста
отправитель: (1, 40) попытка 1
    канал данных: пакет (1, 40) потерян
отправитель: (1, 40) попытка 2
получатель: доставлено 40
отправитель: подтверждено 40
отправитель: (0, 50) попытка 1
получатель: доставлено 50
отправитель: подтверждено 50
отправитель: очередь пуста
Итоговое состояние: sender=Idle, fwd=Up, receiver=Ready, back=Up
