Техасский холдем: вы против бота. Блайнды 5/10.

— Раздача 1. Фишки: вы 1000, бот 1000 —
  ваши карты: 4♠ В♥
  ваш ход (банк 15): fold, call 5, raise
Вы: колл 5
Бот: чек
Флоп: Т♣ 4♥ 6♣   (банк 20)
Бот: чек
  ваш ход (банк 20): fold, call (чек), raise
Вы: чек
Тёрн: 2♣   (банк 20)
Бот: чек
  ваш ход (банк 20): fold, call (чек), raise
Вы: чек
Ривер: Д♥   (банк 20)
Бот: чек
  ваш ход (банк 20): fold, call (чек), raise
Вы: чек
Вскрытие: 4♠ В♥ (пара) против 10♣ Т♥ (пара)
Бот забирает банк 20
  (сдайте следующую раздачу: deal)

— Раздача 2. Фишки: вы 990, бот 1010 —
  ваши карты: К♦ 6♣
  ваш ход (банк 15): fold, call 5, raise
Вы: рейз до 20
Бот: колл 10
Флоп: 6♦ В♠ 10♦   (банк 40)
Бот: чек
  ваш ход (банк 40): fold, call (чек), raise
Вы: рейз до 10
Бот: пас
Вы забираете банк 50
  (сдайте следующую раздачу: deal)
  сейчас не ваш ход

— Раздача 3. Фишки: вы 1010, бот 990 —
  ваши карты: 9♠ 10♠
  ваш ход (банк 15): fold, call 5, raise
Вы: пас
Бот забирает банк 15
  (сдайте следующую раздачу: deal)
Игра окончена после 3 раздач. Итог: вы 1005, бот 995
Итоговое состояние: you=Watching, bot=Holding, table=Idle
